TuranAPI: Logging Started!
Model is nullptr!


